ASxxxx Linker V03.00 + NoICE + sdld,  page 1.
Hexadecimal  [32-Bits]

Area                                    Addr        Size        Decimal Bytes (Attributes)
--------------------------------        ----        ----        ------- ----- ------------
CABS                                00000000    00000000 =           0. bytes (ABS,CON,CODE)

      Value  Global                              Global Defined In Module
      -----  --------------------------------   ------------------------
C:   00000000  l_CABS                          
C:   00000000  l_GSINIT1                       
C:   00000000  l_GSINIT5                       
C:   00000000  l_IABS                          
C:   00000000  l_PSEG                          
C:   00000000  l_REG_BANK_1                    
C:   00000000  l_REG_BANK_2                    
C:   00000000  l_REG_BANK_3                    
C:   00000000  l_RSEG                          
C:   00000000  l_RSEG0                         
C:   00000000  l_RSEG1                         
C:   00000000  l_XABS                          
C:   00000000  l_XINIT                         
C:   00000000  l_XISEG                         
C:   00000000  l_XSEG                          
C:   00000000  l__CODE                         
C:   00000000  s_BSEG                          
C:   00000000  s_CABS                          
C:   00000000  s_DSEG                          
C:   00000000  s_HOME                          
C:   00000000  s_IABS                          
C:   00000000  s_REG_BANK_0                    
C:   00000000  s_RSEG                          
C:   00000000  s_RSEG0                         
C:   00000000  s_RSEG1                         
C:   00000000  s_XABS                          
C:   00000001  l_BIT_BANK                      
C:   00000001  l_BSEG                          
C:   00000001  l_BSEG_BYTES                    
C:   00000001  s_PSEG                          
C:   00000001  s_XISEG                         
C:   00000001  s_XSEG                          
C:   00000003  l_GSFINAL                       
C:   00000003  l_GSINIT0                       
C:   00000003  l_OSEG                          
C:   00000006  l_ISEG                          
C:   00000008  l_REG_BANK_0                    
C:   00000008  s_REG_BANK_1                    
C:   0000000A  l_GSINIT2                       
C:   0000000B  l_GSINIT                        
C:   00000010  s_REG_BANK_2                    
C:   00000011  l_HOME                          
C:   00000011  s_GSINIT0                       
C:   00000014  s_GSINIT1                       
C:   00000014  s_GSINIT2                       
C:   00000017  s_OSEG                          
C:   00000018  s_REG_BANK_3                    
C:   0000001A  s_ISEG                          
C:   0000001E  s_GSINIT3                       
C:   00000020  s_BSEG_BYTES                    
ASxxxx Linker V03.00 + NoICE + sdld,  page 2.
Hexadecimal  [32-Bits]

Area                                    Addr        Size        Decimal Bytes (Attributes)
--------------------------------        ----        ----        ------- ----- ------------
CABS                                00000000    00000000 =           0. bytes (ABS,CON,CODE)

      Value  Global                              Global Defined In Module
      -----  --------------------------------   ------------------------
C:   00000020  s__CODE                         
C:   00000021  s_BIT_BANK                      
C:   00000022  l_GSINIT3                       
C:   0000002A  l_GSINIT4                       
C:   0000003D  l_CONST                         
C:   00000040  s_GSINIT4                       
C:   00000050  s_SSEG                          
C:   0000006A  s_GSINIT                        
C:   0000006A  s_GSINIT5                       
C:   00000075  s_GSFINAL                       
C:   00000078  s_CSEG                          
C:   00000080  l_DSEG                          
C:   000000B0  l_SSEG                          
C:   00000100  l_IRAM                          
C:   00000D3B  l_CSEG                          
C:   00000DB3  s_CONST                         
C:   00000DF0  s_XINIT                         

ASxxxx Linker V03.00 + NoICE + sdld,  page 3.
Hexadecimal  [32-Bits]

Area                                    Addr        Size        Decimal Bytes (Attributes)
--------------------------------        ----        ----        ------- ----- ------------
.  .ABS.                            00000000    00000000 =           0. bytes (ABS,CON)

      Value  Global                              Global Defined In Module
      -----  --------------------------------   ------------------------
     00000000  .__.ABS.                           _bp
     00000080  G$KEY_C_1$0_0$0                    main
     00000080  G$P0$0_0$0                         main
     00000080  G$P0_0$0_0$0                       main
     00000080  _KEY_C_1                           main
     00000080  _P0                                main
     00000080  _P0_0                              main
     00000081  G$KEY_C_2$0_0$0                    main
     00000081  G$P0_1$0_0$0                       main
     00000081  G$SP$0_0$0                         main
     00000081  _KEY_C_2                           main
     00000081  _P0_1                              main
     00000081  _SP                                main
     00000082  G$DPL$0_0$0                        main
     00000082  G$KEY_C_3$0_0$0                    main
     00000082  G$P0_2$0_0$0                       main
     00000082  _DPL                               main
     00000082  _KEY_C_3                           main
     00000082  _P0_2                              main
     00000083  G$DPH$0_0$0                        main
     00000083  G$KEY_C_4$0_0$0                    main
     00000083  G$P0_3$0_0$0                       main
     00000083  _DPH                               main
     00000083  _KEY_C_4                           main
     00000083  _P0_3                              main
     00000084  G$KEY_R_1$0_0$0                    main
     00000084  G$P0_4$0_0$0                       main
     00000084  _KEY_R_1                           main
     00000084  _P0_4                              main
     00000085  G$KEY_R_2$0_0$0                    main
     00000085  G$P0_5$0_0$0                       main
     00000085  _KEY_R_2                           main
     00000085  _P0_5                              main
     00000086  G$KEY_R_3$0_0$0                    main
     00000086  G$P0_6$0_0$0                       main
     00000086  _KEY_R_3                           main
     00000086  _P0_6                              main
     00000087  G$KEY_R_4$0_0$0                    main
     00000087  G$P0_7$0_0$0                       main
     00000087  G$PCON$0_0$0                       main
     00000087  _KEY_R_4                           main
     00000087  _P0_7                              main
     00000087  _PCON                              main
     00000088  G$IT0$0_0$0                        main
     00000088  G$TCON$0_0$0                       main
     00000088  _IT0                               main
     00000088  _TCON                              main
     00000089  G$IE0$0_0$0                        main
     00000089  G$TMOD$0_0$0                       main
     00000089  _IE0                               main
ASxxxx Linker V03.00 + NoICE + sdld,  page 4.
Hexadecimal  [32-Bits]

Area                                    Addr        Size        Decimal Bytes (Attributes)
--------------------------------        ----        ----        ------- ----- ------------
.  .ABS.                            00000000    00000000 =           0. bytes (ABS,CON)

      Value  Global                              Global Defined In Module
      -----  --------------------------------   ------------------------
     00000089  _TMOD                              main
     0000008A  G$IT1$0_0$0                        main
     0000008A  G$TL0$0_0$0                        main
     0000008A  _IT1                               main
     0000008A  _TL0                               main
     0000008B  G$IE1$0_0$0                        main
     0000008B  G$TL1$0_0$0                        main
     0000008B  _IE1                               main
     0000008B  _TL1                               main
     0000008C  G$TH0$0_0$0                        main
     0000008C  G$TR0$0_0$0                        main
     0000008C  _TH0                               main
     0000008C  _TR0                               main
     0000008D  G$TF0$0_0$0                        main
     0000008D  G$TH1$0_0$0                        main
     0000008D  _TF0                               main
     0000008D  _TH1                               main
     0000008E  G$TR1$0_0$0                        main
     0000008E  _TR1                               main
     0000008F  G$TF1$0_0$0                        main
     0000008F  _TF1                               main
     00000090  G$P1$0_0$0                         main
     00000090  G$P1_0$0_0$0                       main
     00000090  G$POT$0_0$0                        main
     00000090  _P1                                main
     00000090  _P1_0                              main
     00000090  _POT                               main
     00000091  G$P1_1$0_0$0                       main
     00000091  G$SMT$0_0$0                        main
     00000091  _P1_1                              main
     00000091  _SMT                               main
     00000092  G$P1_2$0_0$0                       main
     00000092  G$ZAR$0_0$0                        main
     00000092  _P1_2                              main
     00000092  _ZAR                               main
     00000093  G$LB_Data$0_0$0                    main
     00000093  G$P1_3$0_0$0                       main
     00000093  _LB_Data                           main
     00000093  _P1_3                              main
     00000094  G$LB_SCK$0_0$0                     main
     00000094  G$P1_4$0_0$0                       main
     00000094  _LB_SCK                            main
     00000094  _P1_4                              main
     00000095  G$LB_SCL$0_0$0                     main
     00000095  G$P1_5$0_0$0                       main
     00000095  _LB_SCL                            main
     00000095  _P1_5                              main
     00000096  G$LB_RCK$0_0$0                     main
     00000096  G$P1_6$0_0$0                       main
     00000096  _LB_RCK                            main
     00000096  _P1_6                              main
ASxxxx Linker V03.00 + NoICE + sdld,  page 5.
Hexadecimal  [32-Bits]

Area                                    Addr        Size        Decimal Bytes (Attributes)
--------------------------------        ----        ----        ------- ----- ------------
.  .ABS.                            00000000    00000000 =           0. bytes (ABS,CON)

      Value  Global                              Global Defined In Module
      -----  --------------------------------   ------------------------
     00000097  G$LB_OE$0_0$0                      main
     00000097  G$P1_7$0_0$0                       main
     00000097  _LB_OE                             main
     00000097  _P1_7                              main
     00000098  G$RI$0_0$0                         main
     00000098  G$SCON$0_0$0                       main
     00000098  _RI                                main
     00000098  _SCON                              main
     00000099  G$SBUF$0_0$0                       main
     00000099  G$TI$0_0$0                         main
     00000099  _SBUF                              main
     00000099  _TI                                main
     0000009A  G$RB8$0_0$0                        main
     0000009A  _RB8                               main
     0000009B  G$TB8$0_0$0                        main
     0000009B  _TB8                               main
     0000009C  G$REN$0_0$0                        main
     0000009C  _REN                               main
     0000009D  G$SM2$0_0$0                        main
     0000009D  _SM2                               main
     0000009E  G$SM1$0_0$0                        main
     0000009E  _SM1                               main
     0000009F  G$SM0$0_0$0                        main
     0000009F  _SM0                               main
     000000A0  G$P2$0_0$0                         main
     000000A0  G$P2_0$0_0$0                       main
     000000A0  _P2                                main
     000000A0  _P2_0                              main
     000000A0  __XPAGE                            
     000000A1  G$P2_1$0_0$0                       main
     000000A1  _P2_1                              main
     000000A2  G$P2_2$0_0$0                       main
     000000A2  _P2_2                              main
     000000A3  G$P2_3$0_0$0                       main
     000000A3  _P2_3                              main
     000000A4  G$P2_4$0_0$0                       main
     000000A4  _P2_4                              main
     000000A5  G$P2_5$0_0$0                       main
     000000A5  _P2_5                              main
     000000A6  G$P2_6$0_0$0                       main
     000000A6  _P2_6                              main
     000000A7  G$P2_7$0_0$0                       main
     000000A7  _P2_7                              main
     000000A8  G$EX0$0_0$0                        main
     000000A8  G$IE$0_0$0                         main
     000000A8  _EX0                               main
     000000A8  _IE                                main
     000000A9  G$ET0$0_0$0                        main
     000000A9  _ET0                               main
     000000AA  G$EX1$0_0$0                        main
     000000AA  _EX1                               main
ASxxxx Linker V03.00 + NoICE + sdld,  page 6.
Hexadecimal  [32-Bits]

Area                                    Addr        Size        Decimal Bytes (Attributes)
--------------------------------        ----        ----        ------- ----- ------------
.  .ABS.                            00000000    00000000 =           0. bytes (ABS,CON)

      Value  Global                              Global Defined In Module
      -----  --------------------------------   ------------------------
     000000AB  G$ET1$0_0$0                        main
     000000AB  _ET1                               main
     000000AC  G$ES$0_0$0                         main
     000000AC  _ES                                main
     000000AF  G$EA$0_0$0                         main
     000000AF  _EA                                main
     000000B0  G$P3$0_0$0                         main
     000000B0  G$P3_0$0_0$0                       main
     000000B0  G$RXD$0_0$0                        main
     000000B0  _P3                                main
     000000B0  _P3_0                              main
     000000B0  _RXD                               main
     000000B1  G$P3_1$0_0$0                       main
     000000B1  G$TXD$0_0$0                        main
     000000B1  _P3_1                              main
     000000B1  _TXD                               main
     000000B2  G$INT0$0_0$0                       main
     000000B2  G$P3_2$0_0$0                       main
     000000B2  G$Tlac1$0_0$0                      main
     000000B2  _INT0                              main
     000000B2  _P3_2                              main
     000000B2  _Tlac1                             main
     000000B3  G$INT1$0_0$0                       main
     000000B3  G$P3_3$0_0$0                       main
     000000B3  G$Tlac2$0_0$0                      main
     000000B3  _INT1                              main
     000000B3  _P3_3                              main
     000000B3  _Tlac2                             main
     000000B4  G$P3_4$0_0$0                       main
     000000B4  G$T0$0_0$0                         main
     000000B4  _P3_4                              main
     000000B4  _T0                                main
     000000B5  G$P3_5$0_0$0                       main
     000000B5  G$T1$0_0$0                         main
     000000B5  _P3_5                              main
     000000B5  _T1                                main
     000000B6  G$Buzzer$0_0$0                     main
     000000B6  G$P3_6$0_0$0                       main
     000000B6  G$WR$0_0$0                         main
     000000B6  _Buzzer                            main
     000000B6  _P3_6                              main
     000000B6  _WR                                main
     000000B7  G$P3_7$0_0$0                       main
     000000B7  G$RD$0_0$0                         main
     000000B7  _P3_7                              main
     000000B7  _RD                                main
     000000B8  G$IP$0_0$0                         main
     000000B8  G$PX0$0_0$0                        main
     000000B8  _IP                                main
     000000B8  _PX0                               main
     000000B9  G$PT0$0_0$0                        main
ASxxxx Linker V03.00 + NoICE + sdld,  page 7.
Hexadecimal  [32-Bits]

Area                                    Addr        Size        Decimal Bytes (Attributes)
--------------------------------        ----        ----        ------- ----- ------------
.  .ABS.                            00000000    00000000 =           0. bytes (ABS,CON)

      Value  Global                              Global Defined In Module
      -----  --------------------------------   ------------------------
     000000B9  _PT0                               main
     000000BA  G$PX1$0_0$0                        main
     000000BA  _PX1                               main
     000000BB  G$PT1$0_0$0                        main
     000000BB  _PT1                               main
     000000BC  G$PS$0_0$0                         main
     000000BC  _PS                                main
     000000C2  G$LED1$0_0$0                       main
     000000C2  _LED1                              main
     000000C3  G$LED2$0_0$0                       main
     000000C3  _LED2                              main
     000000C4  G$LED3$0_0$0                       main
     000000C4  _LED3                              main
     000000D0  G$P$0_0$0                          main
     000000D0  G$PSW$0_0$0                        main
     000000D0  _P                                 main
     000000D0  _PSW                               main
     000000D1  G$F1$0_0$0                         main
     000000D1  _F1                                main
     000000D2  G$OV$0_0$0                         main
     000000D2  _OV                                main
     000000D3  G$RS0$0_0$0                        main
     000000D3  _RS0                               main
     000000D4  G$RS1$0_0$0                        main
     000000D4  _RS1                               main
     000000D5  G$F0$0_0$0                         main
     000000D5  _F0                                main
     000000D6  G$AC$0_0$0                         main
     000000D6  _AC                                main
     000000D7  G$CY$0_0$0                         main
     000000D7  _CY                                main
     000000E0  G$ACC$0_0$0                        main
     000000E0  _ACC                               main
     000000F0  G$B$0_0$0                          main
     000000F0  _B                                 main
     000000F5  _B_5                               _gptrget
     000000F6  _B_6                               _gptrget
     000000F7  _B_7                               _gptrget

ASxxxx Linker V03.00 + NoICE + sdld,  page 8.
Hexadecimal  [32-Bits]

Area                                    Addr        Size        Decimal Bytes (Attributes)
--------------------------------        ----        ----        ------- ----- ------------
BSEG_BYTES                          00000020    00000001 =           1. bytes (REL,CON)

      Value  Global                              Global Defined In Module
      -----  --------------------------------   ------------------------
ASxxxx Linker V03.00 + NoICE + sdld,  page 9.
Hexadecimal  [32-Bits]

Area                                    Addr        Size        Decimal Bytes (Attributes)
--------------------------------        ----        ----        ------- ----- ------------
REG_BANK_0                          00000000    00000008 =           8. bytes (REL,OVR)

      Value  Global                              Global Defined In Module
      -----  --------------------------------   ------------------------
ASxxxx Linker V03.00 + NoICE + sdld,  page 10.
Hexadecimal  [32-Bits]

Area                                    Addr        Size        Decimal Bytes (Attributes)
--------------------------------        ----        ----        ------- ----- ------------
BIT_BANK                            00000021    00000001 =           1. bytes (REL,OVR)

      Value  Global                              Global Defined In Module
      -----  --------------------------------   ------------------------
ASxxxx Linker V03.00 + NoICE + sdld,  page 11.
Hexadecimal  [32-Bits]

Area                                    Addr        Size        Decimal Bytes (Attributes)
--------------------------------        ----        ----        ------- ----- ------------
DSEG                                00000000    00000080 =         128. bytes (REL,CON)

      Value  Global                              Global Defined In Module
      -----  --------------------------------   ------------------------
     00000008  G$CBYTE$0_0$0                      main
     00000008  _CBYTE                             main
     0000000A  G$DBYTE$0_0$0                      main
     0000000A  _DBYTE                             main
     0000000B  G$XBYTE$0_0$0                      main
     0000000B  _XBYTE                             main
     0000000D  G$TIMER$0_0$0                      main
     0000000D  _TIMER                             main
     0000000F  G$LCD_Pos$0_0$0                    main
     0000000F  _LCD_Pos                           main
     00000010  Lmain.second$power$1_0$38          main
     00000010  _second_PARM_2                     main
     00000012  G$index$0_0$0                      main
     00000012  _index                             main
     00000014  G$run$0_0$0                        main
     00000014  _run                               main
     00000015  _vprintf_PARM_2                    vprintf
     00000016  _bp                                _bp
     0000002F  __print_format_PARM_2              printf_large
     00000032  __print_format_PARM_3              printf_large
     00000035  __print_format_PARM_4              printf_large
ASxxxx Linker V03.00 + NoICE + sdld,  page 12.
Hexadecimal  [32-Bits]

Area                                    Addr        Size        Decimal Bytes (Attributes)
--------------------------------        ----        ----        ------- ----- ------------
OSEG                                00000017    00000003 =           3. bytes (REL,OVR)

      Value  Global                              Global Defined In Module
      -----  --------------------------------   ------------------------
     00000017  __mulint_PARM_2                    _mulint

ASxxxx Linker V03.00 + NoICE + sdld,  page 13.
Hexadecimal  [32-Bits]

Area                                    Addr        Size        Decimal Bytes (Attributes)
--------------------------------        ----        ----        ------- ----- ------------
ISEG                                0000001A    00000006 =           6. bytes (REL,CON)

      Value  Global                              Global Defined In Module
      -----  --------------------------------   ------------------------
ASxxxx Linker V03.00 + NoICE + sdld,  page 14.
Hexadecimal  [32-Bits]

Area                                    Addr        Size        Decimal Bytes (Attributes)
--------------------------------        ----        ----        ------- ----- ------------
SSEG                                00000050    000000B0 =         176. bytes (REL,OVR)

      Value  Global                              Global Defined In Module
      -----  --------------------------------   ------------------------
     00000050  __start__stack                     main

ASxxxx Linker V03.00 + NoICE + sdld,  page 15.
Hexadecimal  [32-Bits]

Area                                    Addr        Size        Decimal Bytes (Attributes)
--------------------------------        ----        ----        ------- ----- ------------
HOME                                00000000    00000011 =          17. bytes (REL,CON,CODE)

      Value  Global                              Global Defined In Module
      -----  --------------------------------   ------------------------
C:   00000000  A$main$501                         main
C:   00000003  A$main$502                         main
C:   0000000B  A$main$504                         main
C:   0000000E  A$main$539                         main
C:   0000000E  __sdcc_program_startup             main

ASxxxx Linker V03.00 + NoICE + sdld,  page 16.
Hexadecimal  [32-Bits]

Area                                    Addr        Size        Decimal Bytes (Attributes)
--------------------------------        ----        ----        ------- ----- ------------
GSINIT0                             00000011    00000003 =           3. bytes (REL,CON,CODE)

      Value  Global                              Global Defined In Module
      -----  --------------------------------   ------------------------
C:   00000011  __sdcc_gsinit_startup              

ASxxxx Linker V03.00 + NoICE + sdld,  page 17.
Hexadecimal  [32-Bits]

Area                                    Addr        Size        Decimal Bytes (Attributes)
--------------------------------        ----        ----        ------- ----- ------------
GSINIT2                             00000014    0000000A =          10. bytes (REL,CON,CODE)

      Value  Global                              Global Defined In Module
      -----  --------------------------------   ------------------------
ASxxxx Linker V03.00 + NoICE + sdld,  page 18.
Hexadecimal  [32-Bits]

Area                                    Addr        Size        Decimal Bytes (Attributes)
--------------------------------        ----        ----        ------- ----- ------------
GSINIT3                             0000001E    00000022 =          34. bytes (REL,CON,CODE)

      Value  Global                              Global Defined In Module
      -----  --------------------------------   ------------------------
C:   0000001E  __mcs51_genXINIT                   

ASxxxx Linker V03.00 + NoICE + sdld,  page 19.
Hexadecimal  [32-Bits]

Area                                    Addr        Size        Decimal Bytes (Attributes)
--------------------------------        ----        ----        ------- ----- ------------
GSINIT4                             00000040    0000002A =          42. bytes (REL,CON,CODE)

      Value  Global                              Global Defined In Module
      -----  --------------------------------   ------------------------
C:   00000040  __mcs51_genRAMCLEAR                
C:   00000046  __mcs51_genXRAMCLEAR               

ASxxxx Linker V03.00 + NoICE + sdld,  page 20.
Hexadecimal  [32-Bits]

Area                                    Addr        Size        Decimal Bytes (Attributes)
--------------------------------        ----        ----        ------- ----- ------------
GSINIT                              0000006A    0000000B =          11. bytes (REL,CON,CODE)

      Value  Global                              Global Defined In Module
      -----  --------------------------------   ------------------------
C:   0000006A  A$main$520                         main
C:   0000006A  C$main.c$28$1_0$49                 main
C:   0000006B  A$main$521                         main
C:   0000006D  A$main$522                         main
C:   0000006F  A$main$526                         main
C:   0000006F  C$main.c$29$1_0$49                 main
C:   00000071  A$main$529                         main
C:   00000071  C$main.c$30$1_0$49                 main
C:   00000073  A$main$530                         main
ASxxxx Linker V03.00 + NoICE + sdld,  page 21.
Hexadecimal  [32-Bits]

Area                                    Addr        Size        Decimal Bytes (Attributes)
--------------------------------        ----        ----        ------- ----- ------------
GSFINAL                             00000075    00000003 =           3. bytes (REL,CON,CODE)

      Value  Global                              Global Defined In Module
      -----  --------------------------------   ------------------------
C:   00000075  A$main$532                         main

ASxxxx Linker V03.00 + NoICE + sdld,  page 22.
Hexadecimal  [32-Bits]

Area                                    Addr        Size        Decimal Bytes (Attributes)
--------------------------------        ----        ----        ------- ----- ------------
CSEG                                00000078    00000D3B =        3387. bytes (REL,CON,CODE)

      Value  Global                              Global Defined In Module
      -----  --------------------------------   ------------------------
C:   00000078  A$main$565                         main
C:   00000078  C$main.c$142$0_0$16                main
C:   00000078  G$Delay$0$0                        main
C:   00000078  _Delay                             main
C:   0000007A  A$main$566                         main
C:   0000007C  A$main$569                         main
C:   0000007C  C$main.c$144$1_0$16                main
C:   0000007E  A$main$570                         main
C:   0000007F  A$main$571                         main
C:   00000081  A$main$572                         main
C:   00000082  A$main$573                         main
C:   00000083  A$main$574                         main
C:   00000085  A$main$578                         main
C:   00000085  C$main.c$145$1_0$16                main
C:   00000087  A$main$579                         main
C:   00000089  A$main$580                         main
C:   0000008B  A$main$585                         main
C:   0000008B  C$main.c$146$1_0$16                main
C:   0000008B  XG$Delay$0$0                       main
C:   0000008C  A$main$600                         main
C:   0000008C  C$main.c$148$1_0$17                main
C:   0000008C  C$main.c$150$2_0$17                main
C:   0000008C  G$Pause$0$0                        main
C:   0000008C  _Pause                             main
C:   0000008E  A$main$601                         main
C:   00000090  A$main$605                         main
C:   00000090  C$main.c$151$1_0$17                main
C:   00000092  A$main$606                         main
C:   00000094  A$main$607                         main
C:   00000095  A$main$608                         main
C:   00000098  A$main$609                         main
C:   00000099  A$main$611                         main
C:   0000009A  A$main$612                         main
C:   0000009B  A$main$613                         main
C:   0000009D  A$main$618                         main
C:   0000009D  C$main.c$152$1_0$17                main
C:   0000009D  XG$Pause$0$0                       main
C:   0000009E  A$main$633                         main
C:   0000009E  C$main.c$154$1_0$18                main
C:   0000009E  C$main.c$158$1_0$18                main
C:   0000009E  G$LCD_State$0$0                    main
C:   0000009E  _LCD_State                         main
C:   000000A1  A$main$636                         main
C:   000000A1  C$main.c$159$1_0$18                main
C:   000000A4  A$main$639                         main
C:   000000A4  C$main.c$160$1_0$18                main
C:   000000A7  A$main$642                         main
C:   000000A7  C$main.c$161$1_0$18                main
C:   000000AA  A$main$645                         main
C:   000000AA  C$main.c$162$1_0$18                main
ASxxxx Linker V03.00 + NoICE + sdld,  page 23.
Hexadecimal  [32-Bits]

Area                                    Addr        Size        Decimal Bytes (Attributes)
--------------------------------        ----        ----        ------- ----- ------------
CSEG                                00000078    00000D3B =        3387. bytes (REL,CON,CODE)

      Value  Global                              Global Defined In Module
      -----  --------------------------------   ------------------------
C:   000000AD  A$main$648                         main
C:   000000AD  C$main.c$163$1_0$18                main
C:   000000AF  A$main$649                         main
C:   000000B1  A$main$650                         main
C:   000000B2  A$main$651                         main
C:   000000B4  A$main$652                         main
C:   000000B5  A$main$655                         main
C:   000000B5  C$main.c$164$1_0$18                main
C:   000000B8  A$main$658                         main
C:   000000B8  C$main.c$166$1_0$18                main
C:   000000BA  A$main$659                         main
C:   000000BD  A$main$662                         main
C:   000000BD  C$main.c$167$1_0$18                main
C:   000000C0  A$main$665                         main
C:   000000C0  C$main.c$168$1_0$18                main
C:   000000C3  A$main$668                         main
C:   000000C3  C$main.c$169$1_0$18                main
C:   000000C6  A$main$671                         main
C:   000000C6  C$main.c$170$1_0$18                main
C:   000000C9  A$main$672                         main
C:   000000CB  A$main$675                         main
C:   000000CB  C$main.c$171$1_0$18                main
C:   000000CD  A$main$676                         main
C:   000000CE  A$main$677                         main
C:   000000D0  A$main$678                         main
C:   000000D2  A$main$681                         main
C:   000000D2  C$main.c$172$1_0$18                main
C:   000000D5  A$main$688                         main
C:   000000D5  C$main.c$174$1_0$18                main
C:   000000D5  C$main.c$175$1_0$18                main
C:   000000D5  XG$LCD_State$0$0                   main
C:   000000D6  A$main$701                         main
C:   000000D6  C$main.c$177$1_0$20                main
C:   000000D6  G$LCD_SendCmd$0$0                  main
C:   000000D6  _LCD_SendCmd                       main
C:   000000D8  A$main$704                         main
C:   000000D8  C$main.c$179$1_0$20                main
C:   000000DA  A$main$705                         main
C:   000000DD  A$main$706                         main
C:   000000DF  A$main$709                         main
C:   000000DF  C$main.c$180$1_0$20                main
C:   000000E0  A$main$710                         main
C:   000000E1  A$main$711                         main
C:   000000E3  A$main$712                         main
C:   000000E4  A$main$713                         main
C:   000000E7  A$main$714                         main
C:   000000E9  A$main$717                         main
C:   000000E9  C$main.c$181$1_0$20                main
C:   000000EB  A$main$718                         main
C:   000000ED  A$main$719                         main
C:   000000F0  A$main$720                         main
ASxxxx Linker V03.00 + NoICE + sdld,  page 24.
Hexadecimal  [32-Bits]

Area                                    Addr        Size        Decimal Bytes (Attributes)
--------------------------------        ----        ----        ------- ----- ------------
CSEG                                00000078    00000D3B =        3387. bytes (REL,CON,CODE)

      Value  Global                              Global Defined In Module
      -----  --------------------------------   ------------------------
C:   000000F2  A$main$723                         main
C:   000000F2  C$main.c$182$1_0$20                main
C:   000000F4  A$main$724                         main
C:   000000F5  A$main$725                         main
C:   000000F7  A$main$728                         main
C:   000000F7  C$main.c$183$1_0$20                main
C:   000000F9  A$main$729                         main
C:   000000FC  A$main$730                         main
C:   000000FE  A$main$733                         main
C:   000000FE  C$main.c$184$1_0$20                main
C:   00000100  A$main$736                         main
C:   00000100  C$main.c$185$1_0$20                main
C:   00000103  A$main$737                         main
C:   00000105  A$main$740                         main
C:   00000105  C$main.c$186$1_0$20                main
C:   00000108  A$main$741                         main
C:   0000010A  A$main$744                         main
C:   0000010A  C$main.c$187$1_0$20                main
C:   0000010C  A$main$745                         main
C:   0000010F  A$main$746                         main
C:   00000111  A$main$749                         main
C:   00000111  C$main.c$188$1_0$20                main
C:   00000113  A$main$750                         main
C:   00000114  A$main$751                         main
C:   00000116  A$main$754                         main
C:   00000116  C$main.c$189$1_0$20                main
C:   00000118  A$main$755                         main
C:   0000011B  A$main$756                         main
C:   0000011D  A$main$759                         main
C:   0000011D  C$main.c$190$1_0$20                main
C:   0000011F  A$main$763                         main
C:   0000011F  C$main.c$192$1_0$20                main
C:   00000122  A$main$764                         main
C:   00000124  A$main$765                         main
C:   00000127  A$main$770                         main
C:   00000127  C$main.c$193$1_0$20                main
C:   00000127  XG$LCD_SendCmd$0$0                 main
C:   00000128  A$main$783                         main
C:   00000128  C$main.c$195$1_0$22                main
C:   00000128  G$LCD_SendData$0$0                 main
C:   00000128  _LCD_SendData                      main
C:   0000012A  A$main$786                         main
C:   0000012A  C$main.c$197$1_0$22                main
C:   0000012C  A$main$787                         main
C:   0000012F  A$main$788                         main
C:   00000131  A$main$791                         main
C:   00000131  C$main.c$198$1_0$22                main
C:   00000132  A$main$792                         main
C:   00000133  A$main$793                         main
C:   00000135  A$main$794                         main
C:   00000136  A$main$795                         main
ASxxxx Linker V03.00 + NoICE + sdld,  page 25.
Hexadecimal  [32-Bits]

Area                                    Addr        Size        Decimal Bytes (Attributes)
--------------------------------        ----        ----        ------- ----- ------------
CSEG                                00000078    00000D3B =        3387. bytes (REL,CON,CODE)

      Value  Global                              Global Defined In Module
      -----  --------------------------------   ------------------------
C:   00000139  A$main$796                         main
C:   0000013B  A$main$797                         main
C:   0000013C  A$main$798                         main
C:   0000013D  A$main$799                         main
C:   0000013F  A$main$802                         main
C:   0000013F  C$main.c$199$1_0$22                main
C:   00000141  A$main$803                         main
C:   00000143  A$main$804                         main
C:   00000145  A$main$805                         main
C:   00000148  A$main$806                         main
C:   0000014A  A$main$807                         main
C:   0000014C  A$main$810                         main
C:   0000014C  C$main.c$200$1_0$22                main
C:   0000014E  A$main$811                         main
C:   0000014F  A$main$812                         main
C:   00000151  A$main$815                         main
C:   00000151  C$main.c$201$1_0$22                main
C:   00000153  A$main$816                         main
C:   00000156  A$main$817                         main
C:   00000158  A$main$820                         main
C:   00000158  C$main.c$202$1_0$22                main
C:   0000015A  A$main$823                         main
C:   0000015A  C$main.c$203$1_0$22                main
C:   0000015D  A$main$824                         main
C:   0000015F  A$main$827                         main
C:   0000015F  C$main.c$204$1_0$22                main
C:   00000162  A$main$828                         main
C:   00000164  A$main$829                         main
C:   00000165  A$main$830                         main
C:   00000166  A$main$831                         main
C:   00000168  A$main$834                         main
C:   00000168  C$main.c$205$1_0$22                main
C:   0000016A  A$main$835                         main
C:   0000016C  A$main$836                         main
C:   0000016F  A$main$837                         main
C:   00000171  A$main$838                         main
C:   00000173  A$main$841                         main
C:   00000173  C$main.c$206$1_0$22                main
C:   00000175  A$main$842                         main
C:   00000176  A$main$843                         main
C:   00000178  A$main$846                         main
C:   00000178  C$main.c$207$1_0$22                main
C:   0000017A  A$main$847                         main
C:   0000017D  A$main$848                         main
C:   0000017F  A$main$851                         main
C:   0000017F  C$main.c$208$1_0$22                main
C:   00000181  A$main$855                         main
C:   00000181  C$main.c$210$1_0$22                main
C:   00000184  A$main$856                         main
C:   00000186  A$main$857                         main
C:   00000189  A$main$862                         main
ASxxxx Linker V03.00 + NoICE + sdld,  page 26.
Hexadecimal  [32-Bits]

Area                                    Addr        Size        Decimal Bytes (Attributes)
--------------------------------        ----        ----        ------- ----- ------------
CSEG                                00000078    00000D3B =        3387. bytes (REL,CON,CODE)

      Value  Global                              Global Defined In Module
      -----  --------------------------------   ------------------------
C:   00000189  C$main.c$211$1_0$22                main
C:   00000189  XG$LCD_SendData$0$0                main
C:   0000018A  A$main$875                         main
C:   0000018A  C$main.c$214$1_0$24                main
C:   0000018A  C$main.c$216$1_0$24                main
C:   0000018A  G$LCD_Init$0$0                     main
C:   0000018A  _LCD_Init                          main
C:   0000018D  A$main$878                         main
C:   0000018D  C$main.c$218$1_0$24                main
C:   00000190  A$main$879                         main
C:   00000193  A$main$882                         main
C:   00000193  C$main.c$220$1_0$24                main
C:   00000196  A$main$885                         main
C:   00000196  C$main.c$221$1_0$24                main
C:   00000199  A$main$886                         main
C:   0000019C  A$main$889                         main
C:   0000019C  C$main.c$222$1_0$24                main
C:   0000019F  A$main$892                         main
C:   0000019F  C$main.c$223$1_0$24                main
C:   000001A2  A$main$893                         main
C:   000001A5  A$main$896                         main
C:   000001A5  C$main.c$224$1_0$24                main
C:   000001A8  A$main$899                         main
C:   000001A8  C$main.c$225$1_0$24                main
C:   000001AB  A$main$900                         main
C:   000001AE  A$main$903                         main
C:   000001AE  C$main.c$227$1_0$24                main
C:   000001B1  A$main$906                         main
C:   000001B1  C$main.c$228$1_0$24                main
C:   000001B4  A$main$907                         main
C:   000001B7  A$main$910                         main
C:   000001B7  C$main.c$229$1_0$24                main
C:   000001BA  A$main$913                         main
C:   000001BA  C$main.c$230$1_0$24                main
C:   000001BD  A$main$914                         main
C:   000001C0  A$main$917                         main
C:   000001C0  C$main.c$231$1_0$24                main
C:   000001C3  A$main$920                         main
C:   000001C3  C$main.c$232$1_0$24                main
C:   000001C6  A$main$921                         main
C:   000001C9  A$main$924                         main
C:   000001C9  C$main.c$234$1_0$24                main
C:   000001CC  A$main$927                         main
C:   000001CC  C$main.c$235$1_0$24                main
C:   000001CF  A$main$928                         main
C:   000001D2  A$main$931                         main
C:   000001D2  C$main.c$236$1_0$24                main
C:   000001D5  A$main$934                         main
C:   000001D5  C$main.c$237$1_0$24                main
C:   000001D8  A$main$935                         main
C:   000001DB  A$main$938                         main
ASxxxx Linker V03.00 + NoICE + sdld,  page 27.
Hexadecimal  [32-Bits]

Area                                    Addr        Size        Decimal Bytes (Attributes)
--------------------------------        ----        ----        ------- ----- ------------
CSEG                                00000078    00000D3B =        3387. bytes (REL,CON,CODE)

      Value  Global                              Global Defined In Module
      -----  --------------------------------   ------------------------
C:   000001DB  C$main.c$238$1_0$24                main
C:   000001DE  A$main$941                         main
C:   000001DE  C$main.c$239$1_0$24                main
C:   000001E1  A$main$942                         main
C:   000001E4  A$main$945                         main
C:   000001E4  C$main.c$241$1_0$24                main
C:   000001E7  A$main$948                         main
C:   000001E7  C$main.c$242$1_0$24                main
C:   000001EA  A$main$949                         main
C:   000001ED  A$main$952                         main
C:   000001ED  C$main.c$243$1_0$24                main
C:   000001F0  A$main$955                         main
C:   000001F0  C$main.c$244$1_0$24                main
C:   000001F3  A$main$956                         main
C:   000001F6  A$main$959                         main
C:   000001F6  C$main.c$245$1_0$24                main
C:   000001F9  A$main$962                         main
C:   000001F9  C$main.c$246$1_0$24                main
C:   000001FC  A$main$963                         main
C:   000001FF  A$main$966                         main
C:   000001FF  C$main.c$248$1_0$24                main
C:   00000202  A$main$967                         main
C:   00000205  A$main$970                         main
C:   00000205  C$main.c$249$1_0$24                main
C:   00000208  A$main$971                         main
C:   0000020B  A$main$974                         main
C:   0000020B  C$main.c$250$1_0$24                main
C:   0000020E  A$main$975                         main
C:   00000211  A$main$978                         main
C:   00000211  C$main.c$251$1_0$24                main
C:   00000214  A$main$979                         main
C:   00000217  A$main$982                         main
C:   00000217  C$main.c$252$1_0$24                main
C:   0000021A  A$main$983                         main
C:   0000021D  A$main$986                         main
C:   0000021D  C$main.c$253$1_0$24                main
C:   00000220  A$main$991                         main
C:   00000220  C$main.c$254$1_0$24                main
C:   00000220  XG$LCD_Init$0$0                    main
C:   00000221  A$main$1004                        main
C:   00000221  C$main.c$258$1_0$26                main
C:   00000221  G$putchar$0$0                      main
C:   00000221  _putchar                           main
C:   00000223  A$main$1005                        main
C:   00000225  A$main$1008                        main
C:   00000225  C$main.c$260$1_0$26                main
C:   00000228  A$main$1009                        main
C:   0000022B  A$main$1013                        main
C:   0000022B  C$main.c$262$2_0$27                main
C:   0000022D  A$main$1014                        main
C:   0000022F  A$main$1015                        main
ASxxxx Linker V03.00 + NoICE + sdld,  page 28.
Hexadecimal  [32-Bits]

Area                                    Addr        Size        Decimal Bytes (Attributes)
--------------------------------        ----        ----        ------- ----- ------------
CSEG                                00000078    00000D3B =        3387. bytes (REL,CON,CODE)

      Value  Global                              Global Defined In Module
      -----  --------------------------------   ------------------------
C:   00000231  A$main$1016                        main
C:   00000234  A$main$1017                        main
C:   00000236  A$main$1021                        main
C:   00000236  C$main.c$264$3_0$28                main
C:   00000239  A$main$1022                        main
C:   0000023C  A$main$1025                        main
C:   0000023C  C$main.c$265$3_0$28                main
C:   0000023E  A$main$1028                        main
C:   0000023E  C$main.c$266$3_0$28                main
C:   00000240  A$main$1029                        main
C:   00000243  A$main$1030                        main
C:   00000246  A$main$1031                        main
C:   00000248  A$main$1035                        main
C:   00000248  C$main.c$271$2_0$29                main
C:   0000024A  A$main$1036                        main
C:   0000024D  A$main$1039                        main
C:   0000024D  C$main.c$272$2_0$29                main
C:   0000024F  A$main$1042                        main
C:   0000024F  C$main.c$273$2_0$29                main
C:   00000251  A$main$1043                        main
C:   00000254  A$main$1044                        main
C:   00000257  A$main$1048                        main
C:   00000257  C$main.c$275$1_0$26                main
C:   0000025A  A$main$1053                        main
C:   0000025A  C$main.c$276$1_0$26                main
C:   0000025A  XG$putchar$0$0                     main
C:   0000025B  A$main$1066                        main
C:   0000025B  C$main.c$286$1_0$31                main
C:   0000025B  C$main.c$288$1_0$31                main
C:   0000025B  G$init_interrupts$0$0              main
C:   0000025B  _init_interrupts                   main
C:   0000025E  A$main$1069                        main
C:   0000025E  C$main.c$289$1_0$31                main
C:   00000261  A$main$1072                        main
C:   00000261  C$main.c$290$1_0$31                main
C:   00000264  A$main$1075                        main
C:   00000264  C$main.c$291$1_0$31                main
C:   00000267  A$main$1078                        main
C:   00000267  C$main.c$292$1_0$31                main
C:   0000026A  A$main$1081                        main
C:   0000026A  C$main.c$293$1_0$31                main
C:   0000026D  A$main$1086                        main
C:   0000026D  C$main.c$294$1_0$31                main
C:   0000026D  XG$init_interrupts$0$0             main
C:   0000026E  A$main$1100                        main
C:   0000026E  C$main.c$308$1_0$33                main
C:   0000026E  G$SetLedBar$0$0                    main
C:   0000026E  _SetLedBar                         main
C:   00000270  A$main$1101                        main
C:   00000272  A$main$1105                        main
C:   00000272  C$main.c$311$1_0$33                main
ASxxxx Linker V03.00 + NoICE + sdld,  page 29.
Hexadecimal  [32-Bits]

Area                                    Addr        Size        Decimal Bytes (Attributes)
--------------------------------        ----        ----        ------- ----- ------------
CSEG                                00000078    00000D3B =        3387. bytes (REL,CON,CODE)

      Value  Global                              Global Defined In Module
      -----  --------------------------------   ------------------------
C:   00000274  A$main$1109                        main
C:   00000274  C$main.c$312$1_0$33                main
C:   00000276  A$main$1113                        main
C:   00000276  C$main.c$313$1_0$33                main
C:   00000278  A$main$1117                        main
C:   00000278  C$main.c$314$1_0$33                main
C:   0000027A  A$main$1120                        main
C:   0000027C  A$main$1124                        main
C:   0000027C  C$main.c$318$3_0$35                main
C:   0000027D  A$main$1125                        main
C:   0000027F  A$main$1126                        main
C:   00000282  A$main$1128                        main
C:   00000284  A$main$1129                        main
C:   00000285  A$main$1130                        main
C:   00000286  A$main$1131                        main
C:   00000288  A$main$1132                        main
C:   0000028A  A$main$1135                        main
C:   0000028A  C$main.c$319$3_0$35                main
C:   0000028B  A$main$1136                        main
C:   0000028C  A$main$1137                        main
C:   0000028D  A$main$1138                        main
C:   0000028E  A$main$1139                        main
C:   0000028F  A$main$1140                        main
C:   00000290  A$main$1141                        main
C:   00000291  A$main$1145                        main
C:   00000291  C$main.c$320$3_0$35                main
C:   00000293  A$main$1149                        main
C:   00000293  C$main.c$321$3_0$35                main
C:   00000295  A$main$1152                        main
C:   00000295  C$main.c$316$2_0$34                main
C:   00000296  A$main$1153                        main
C:   00000299  A$main$1155                        main
C:   0000029B  A$main$1159                        main
C:   0000029B  C$main.c$323$1_0$33                main
C:   0000029D  A$main$1163                        main
C:   0000029D  C$main.c$324$1_0$33                main
C:   0000029F  A$main$1168                        main
C:   0000029F  C$main.c$325$1_0$33                main
C:   0000029F  XG$SetLedBar$0$0                   main
C:   000002A0  A$main$1181                        main
C:   000002A0  C$main.c$343$1_0$37                main
C:   000002A0  C$main.c$345$1_0$37                main
C:   000002A0  G$GetKeyboard$0$0                  main
C:   000002A0  _GetKeyboard                       main
C:   000002A3  A$main$1185                        main
C:   000002A3  C$main.c$346$1_0$37                main
C:   000002A5  A$main$1188                        main
C:   000002A5  C$main.c$347$1_0$37                main
C:   000002A8  A$main$1191                        main
C:   000002A8  C$main.c$348$1_0$37                main
C:   000002AB  A$main$1192                        main
ASxxxx Linker V03.00 + NoICE + sdld,  page 30.
Hexadecimal  [32-Bits]

Area                                    Addr        Size        Decimal Bytes (Attributes)
--------------------------------        ----        ----        ------- ----- ------------
CSEG                                00000078    00000D3B =        3387. bytes (REL,CON,CODE)

      Value  Global                              Global Defined In Module
      -----  --------------------------------   ------------------------
C:   000002AE  A$main$1193                        main
C:   000002B1  A$main$1197                        main
C:   000002B1  C$main.c$349$1_0$37                main
C:   000002B4  A$main$1198                        main
C:   000002B7  A$main$1199                        main
C:   000002BA  A$main$1203                        main
C:   000002BA  C$main.c$350$1_0$37                main
C:   000002BD  A$main$1204                        main
C:   000002C0  A$main$1205                        main
C:   000002C3  A$main$1209                        main
C:   000002C3  C$main.c$351$1_0$37                main
C:   000002C6  A$main$1210                        main
C:   000002C9  A$main$1211                        main
C:   000002CC  A$main$1215                        main
C:   000002CC  C$main.c$353$1_0$37                main
C:   000002CF  A$main$1219                        main
C:   000002CF  C$main.c$354$1_0$37                main
C:   000002D1  A$main$1222                        main
C:   000002D1  C$main.c$355$1_0$37                main
C:   000002D4  A$main$1225                        main
C:   000002D4  C$main.c$356$1_0$37                main
C:   000002D7  A$main$1226                        main
C:   000002DA  A$main$1227                        main
C:   000002DC  A$main$1231                        main
C:   000002DC  C$main.c$357$1_0$37                main
C:   000002DF  A$main$1232                        main
C:   000002E2  A$main$1233                        main
C:   000002E4  A$main$1237                        main
C:   000002E4  C$main.c$358$1_0$37                main
C:   000002E7  A$main$1238                        main
C:   000002EA  A$main$1239                        main
C:   000002EC  A$main$1243                        main
C:   000002EC  C$main.c$359$1_0$37                main
C:   000002EF  A$main$1244                        main
C:   000002F2  A$main$1245                        main
C:   000002F4  A$main$1249                        main
C:   000002F4  C$main.c$361$1_0$37                main
C:   000002F7  A$main$1253                        main
C:   000002F7  C$main.c$362$1_0$37                main
C:   000002F9  A$main$1256                        main
C:   000002F9  C$main.c$363$1_0$37                main
C:   000002FC  A$main$1259                        main
C:   000002FC  C$main.c$364$1_0$37                main
C:   000002FF  A$main$1260                        main
C:   00000302  A$main$1261                        main
C:   00000304  A$main$1265                        main
C:   00000304  C$main.c$365$1_0$37                main
C:   00000307  A$main$1266                        main
C:   0000030A  A$main$1267                        main
C:   0000030C  A$main$1271                        main
C:   0000030C  C$main.c$366$1_0$37                main
ASxxxx Linker V03.00 + NoICE + sdld,  page 31.
Hexadecimal  [32-Bits]

Area                                    Addr        Size        Decimal Bytes (Attributes)
--------------------------------        ----        ----        ------- ----- ------------
CSEG                                00000078    00000D3B =        3387. bytes (REL,CON,CODE)

      Value  Global                              Global Defined In Module
      -----  --------------------------------   ------------------------
C:   0000030F  A$main$1272                        main
C:   00000312  A$main$1273                        main
C:   00000314  A$main$1277                        main
C:   00000314  C$main.c$367$1_0$37                main
C:   00000317  A$main$1278                        main
C:   0000031A  A$main$1279                        main
C:   0000031C  A$main$1283                        main
C:   0000031C  C$main.c$369$1_0$37                main
C:   0000031F  A$main$1287                        main
C:   0000031F  C$main.c$370$1_0$37                main
C:   00000321  A$main$1290                        main
C:   00000321  C$main.c$371$1_0$37                main
C:   00000324  A$main$1293                        main
C:   00000324  C$main.c$372$1_0$37                main
C:   00000327  A$main$1294                        main
C:   0000032A  A$main$1295                        main
C:   0000032C  A$main$1299                        main
C:   0000032C  C$main.c$373$1_0$37                main
C:   0000032F  A$main$1300                        main
C:   00000332  A$main$1301                        main
C:   00000334  A$main$1305                        main
C:   00000334  C$main.c$374$1_0$37                main
C:   00000337  A$main$1306                        main
C:   0000033A  A$main$1307                        main
C:   0000033C  A$main$1311                        main
C:   0000033C  C$main.c$375$1_0$37                main
C:   0000033F  A$main$1312                        main
C:   00000342  A$main$1313                        main
C:   00000344  A$main$1317                        main
C:   00000344  C$main.c$377$1_0$37                main
C:   00000347  A$main$1323                        main
C:   00000347  C$main.c$378$1_0$37                main
C:   00000347  XG$GetKeyboard$0$0                 main
C:   00000348  A$main$1339                        main
C:   00000348  C$main.c$380$1_0$39                main
C:   00000348  G$second$0$0                       main
C:   00000348  _second                            main
C:   0000034A  A$main$1340                        main
C:   0000034C  A$main$1343                        main
C:   0000034C  C$main.c$381$2_0$39                main
C:   0000034E  A$main$1344                        main
C:   00000350  A$main$1347                        main
C:   00000350  C$main.c$382$3_0$40                main
C:   00000352  A$main$1348                        main
C:   00000354  A$main$1350                        main
C:   00000355  A$main$1351                        main
C:   00000356  A$main$1352                        main
C:   00000358  A$main$1353                        main
C:   00000359  A$main$1354                        main
C:   0000035B  A$main$1355                        main
C:   0000035E  A$main$1356                        main
ASxxxx Linker V03.00 + NoICE + sdld,  page 32.
Hexadecimal  [32-Bits]

Area                                    Addr        Size        Decimal Bytes (Attributes)
--------------------------------        ----        ----        ------- ----- ------------
CSEG                                00000078    00000D3B =        3387. bytes (REL,CON,CODE)

      Value  Global                              Global Defined In Module
      -----  --------------------------------   ------------------------
C:   00000361  A$main$1357                        main
C:   00000363  A$main$1358                        main
C:   00000365  A$main$1361                        main
C:   00000365  C$main.c$383$1_0$39                main
C:   00000367  A$main$1362                        main
C:   00000369  A$main$1363                        main
C:   0000036B  A$main$1364                        main
C:   0000036D  A$main$1365                        main
C:   0000036F  A$main$1366                        main
C:   00000371  A$main$1367                        main
C:   00000373  A$main$1368                        main
C:   00000375  A$main$1369                        main
C:   00000378  A$main$1370                        main
C:   0000037A  A$main$1371                        main
C:   0000037C  A$main$1372                        main
C:   0000037E  A$main$1373                        main
C:   00000380  A$main$1374                        main
C:   00000382  A$main$1375                        main
C:   00000384  A$main$1378                        main
C:   00000384  C$main.c$382$2_0$40                main
C:   00000385  A$main$1379                        main
C:   00000388  A$main$1380                        main
C:   00000389  A$main$1381                        main
C:   0000038B  A$main$1385                        main
C:   0000038B  C$main.c$385$1_0$39                main
C:   0000038D  A$main$1386                        main
C:   0000038F  A$main$1391                        main
C:   0000038F  C$main.c$386$1_0$39                main
C:   0000038F  XG$second$0$0                      main
C:   00000390  A$main$1408                        main
C:   00000390  C$main.c$394$1_0$43                main
C:   00000390  C$main.c$398$1_0$43                main
C:   00000390  G$main$0$0                         main
C:   00000390  _main                              main
C:   00000393  A$main$1411                        main
C:   00000393  C$main.c$399$1_0$43                main
C:   00000396  A$main$1414                        main
C:   00000396  C$main.c$400$1_0$43                main
C:   00000398  A$main$1415                        main
C:   0000039A  A$main$1416                        main
C:   0000039C  A$main$1417                        main
C:   0000039E  A$main$1418                        main
C:   000003A0  A$main$1419                        main
C:   000003A2  A$main$1420                        main
C:   000003A5  A$main$1421                        main
C:   000003A7  A$main$1422                        main
C:   000003A9  A$main$1423                        main
C:   000003AB  A$main$1426                        main
C:   000003AB  C$main.c$401$1_0$43                main
C:   000003AD  A$main$1427                        main
C:   000003AF  A$main$1428                        main
ASxxxx Linker V03.00 + NoICE + sdld,  page 33.
Hexadecimal  [32-Bits]

Area                                    Addr        Size        Decimal Bytes (Attributes)
--------------------------------        ----        ----        ------- ----- ------------
CSEG                                00000078    00000D3B =        3387. bytes (REL,CON,CODE)

      Value  Global                              Global Defined In Module
      -----  --------------------------------   ------------------------
C:   000003B1  A$main$1429                        main
C:   000003B3  A$main$1430                        main
C:   000003B5  A$main$1431                        main
C:   000003B7  A$main$1432                        main
C:   000003BA  A$main$1433                        main
C:   000003BC  A$main$1434                        main
C:   000003BE  A$main$1435                        main
C:   000003C0  A$main$1438                        main
C:   000003C0  C$main.c$402$1_0$43                main
C:   000003C3  A$main$1441                        main
C:   000003C3  C$main.c$403$1_0$43                main
C:   000003C6  A$main$1442                        main
C:   000003C9  A$main$1445                        main
C:   000003C9  C$main.c$404$2_0$44                main
C:   000003CB  A$main$1446                        main
C:   000003CD  A$main$1449                        main
C:   000003CD  C$main.c$405$1_1$44                main
C:   000003D0  A$main$1451                        main
C:   000003D2  A$main$1452                        main
C:   000003D5  A$main$1453                        main
C:   000003D7  A$main$1454                        main
C:   000003D9  A$main$1455                        main
C:   000003DC  A$main$1456                        main
C:   000003DE  A$main$1457                        main
C:   000003E1  A$main$1458                        main
C:   000003E3  A$main$1459                        main
C:   000003E5  A$main$1460                        main
C:   000003E7  A$main$1461                        main
C:   000003E9  A$main$1462                        main
C:   000003EB  A$main$1463                        main
C:   000003EE  A$main$1464                        main
C:   000003F0  A$main$1465                        main
C:   000003F2  A$main$1471                        main
C:   000003F2  C$main.c$406$1_1$44                main
C:   000003F2  C$main.c$407$2_1$45                main
C:   000003F4  A$main$1472                        main
C:   000003F6  A$main$1473                        main
C:   000003F9  A$main$1474                        main
C:   000003FB  A$main$1475                        main
C:   000003FD  A$main$1476                        main
C:   000003FF  A$main$1477                        main
C:   00000402  A$main$1478                        main
C:   00000404  A$main$1479                        main
C:   00000406  A$main$1483                        main
C:   00000406  C$main.c$408$3_1$46                main
C:   00000408  A$main$1486                        main
C:   00000408  C$main.c$409$3_1$46                main
C:   0000040A  A$main$1487                        main
C:   0000040C  A$main$1490                        main
C:   0000040C  C$main.c$410$3_1$46                main
C:   0000040E  A$main$1491                        main
ASxxxx Linker V03.00 + NoICE + sdld,  page 34.
Hexadecimal  [32-Bits]

Area                                    Addr        Size        Decimal Bytes (Attributes)
--------------------------------        ----        ----        ------- ----- ------------
CSEG                                00000078    00000D3B =        3387. bytes (REL,CON,CODE)

      Value  Global                              Global Defined In Module
      -----  --------------------------------   ------------------------
C:   00000410  A$main$1492                        main
C:   00000412  A$main$1493                        main
C:   00000414  A$main$1494                        main
C:   00000416  A$main$1495                        main
C:   00000418  A$main$1496                        main
C:   0000041A  A$main$1497                        main
C:   0000041C  A$main$1498                        main
C:   0000041F  A$main$1499                        main
C:   00000421  A$main$1500                        main
C:   00000423  A$main$1501                        main
C:   00000425  A$main$1504                        main
C:   00000425  C$main.c$411$3_1$46                main
C:   00000427  A$main$1505                        main
C:   00000429  A$main$1506                        main
C:   0000042B  A$main$1507                        main
C:   0000042D  A$main$1508                        main
C:   0000042F  A$main$1509                        main
C:   00000431  A$main$1510                        main
C:   00000434  A$main$1511                        main
C:   00000436  A$main$1512                        main
C:   00000438  A$main$1513                        main
C:   0000043A  A$main$1514                        main
C:   0000043C  A$main$1515                        main
C:   0000043E  A$main$1518                        main
C:   0000043E  C$main.c$412$3_1$46                main
C:   00000441  A$main$1522                        main
C:   00000441  C$main.c$414$2_1$45                main
C:   00000443  A$main$1523                        main
C:   00000445  A$main$1524                        main
C:   00000448  A$main$1525                        main
C:   0000044A  A$main$1526                        main
C:   0000044C  A$main$1527                        main
C:   0000044E  A$main$1528                        main
C:   00000451  A$main$1529                        main
C:   00000453  A$main$1531                        main
C:   00000456  A$main$1533                        main
C:   00000458  A$main$1534                        main
C:   0000045B  A$main$1535                        main
C:   0000045D  A$main$1537                        main
C:   00000460  A$main$1542                        main
C:   00000460  C$main.c$415$3_1$47                main
C:   00000462  A$main$1545                        main
C:   00000462  C$main.c$416$3_1$47                main
C:   00000464  A$main$1546                        main
C:   00000466  A$main$1549                        main
C:   00000466  C$main.c$417$3_1$47                main
C:   00000467  A$main$1550                        main
C:   00000469  A$main$1551                        main
C:   0000046B  A$main$1552                        main
C:   0000046D  A$main$1553                        main
C:   0000046F  A$main$1554                        main
ASxxxx Linker V03.00 + NoICE + sdld,  page 35.
Hexadecimal  [32-Bits]

Area                                    Addr        Size        Decimal Bytes (Attributes)
--------------------------------        ----        ----        ------- ----- ------------
CSEG                                00000078    00000D3B =        3387. bytes (REL,CON,CODE)

      Value  Global                              Global Defined In Module
      -----  --------------------------------   ------------------------
C:   00000471  A$main$1555                        main
C:   00000473  A$main$1558                        main
C:   00000473  C$main.c$418$3_1$47                main
C:   00000476  A$main$1559                        main
C:   00000479  A$main$1560                        main
C:   0000047C  A$main$1561                        main
C:   0000047E  A$main$1562                        main
C:   00000480  A$main$1563                        main
C:   00000483  A$main$1564                        main
C:   00000485  A$main$1565                        main
C:   00000488  A$main$1566                        main
C:   0000048A  A$main$1567                        main
C:   0000048B  A$main$1568                        main
C:   0000048D  A$main$1569                        main
C:   0000048F  A$main$1570                        main
C:   00000490  A$main$1571                        main
C:   00000492  A$main$1572                        main
C:   00000494  A$main$1573                        main
C:   00000496  A$main$1574                        main
C:   00000498  A$main$1575                        main
C:   0000049A  A$main$1576                        main
C:   0000049C  A$main$1577                        main
C:   0000049E  A$main$1578                        main
C:   000004A0  A$main$1579                        main
C:   000004A3  A$main$1580                        main
C:   000004A5  A$main$1581                        main
C:   000004A7  A$main$1582                        main
C:   000004A9  A$main$1583                        main
C:   000004AB  A$main$1584                        main
C:   000004AD  A$main$1585                        main
C:   000004AF  A$main$1589                        main
C:   000004AF  C$main.c$420$3_1$47                main
C:   000004B1  A$main$1590                        main
C:   000004B3  A$main$1591                        main
C:   000004B5  A$main$1592                        main
C:   000004B7  A$main$1593                        main
C:   000004B9  A$main$1594                        main
C:   000004BB  A$main$1595                        main
C:   000004BE  A$main$1596                        main
C:   000004C0  A$main$1597                        main
C:   000004C2  A$main$1598                        main
C:   000004C5  A$main$1599                        main
C:   000004C7  A$main$1600                        main
C:   000004CA  A$main$1601                        main
C:   000004CC  A$main$1602                        main
C:   000004CD  A$main$1603                        main
C:   000004CF  A$main$1604                        main
C:   000004D1  A$main$1605                        main
C:   000004D2  A$main$1606                        main
C:   000004D4  A$main$1607                        main
C:   000004D5  A$main$1608                        main
ASxxxx Linker V03.00 + NoICE + sdld,  page 36.
Hexadecimal  [32-Bits]

Area                                    Addr        Size        Decimal Bytes (Attributes)
--------------------------------        ----        ----        ------- ----- ------------
CSEG                                00000078    00000D3B =        3387. bytes (REL,CON,CODE)

      Value  Global                              Global Defined In Module
      -----  --------------------------------   ------------------------
C:   000004D6  A$main$1609                        main
C:   000004D7  A$main$1610                        main
C:   000004D9  A$main$1611                        main
C:   000004DA  A$main$1612                        main
C:   000004DB  A$main$1613                        main
C:   000004DD  A$main$1614                        main
C:   000004DF  A$main$1615                        main
C:   000004E1  A$main$1616                        main
C:   000004E3  A$main$1617                        main
C:   000004E5  A$main$1618                        main
C:   000004E7  A$main$1619                        main
C:   000004E9  A$main$1620                        main
C:   000004EB  A$main$1621                        main
C:   000004EE  A$main$1622                        main
C:   000004F0  A$main$1623                        main
C:   000004F2  A$main$1624                        main
C:   000004F4  A$main$1625                        main
C:   000004F6  A$main$1626                        main
C:   000004F8  A$main$1630                        main
C:   000004F8  C$main.c$421$3_1$47                main
C:   000004FA  A$main$1631                        main
C:   000004FC  A$main$1632                        main
C:   000004FE  A$main$1633                        main
C:   00000500  A$main$1634                        main
C:   00000502  A$main$1635                        main
C:   00000504  A$main$1636                        main
C:   00000506  A$main$1637                        main
C:   00000508  A$main$1638                        main
C:   0000050B  A$main$1639                        main
C:   0000050D  A$main$1640                        main
C:   0000050F  A$main$1641                        main
C:   00000511  A$main$1642                        main
C:   00000513  A$main$1643                        main
C:   00000515  A$main$1646                        main
C:   00000515  C$main.c$422$3_1$47                main
C:   00000518  A$main$1650                        main
C:   00000518  C$main.c$424$2_1$45                main
C:   0000051B  A$main$1651                        main
C:   0000051E  A$main$1655                        main
C:   0000051E  C$main.c$425$3_1$48                main
C:   00000520  A$main$1659                        main
C:   00000520  C$main.c$427$2_1$45                main
C:   00000521  A$main$1660                        main
C:   00000524  A$main$1661                        main
C:   00000525  A$main$1663                        main
C:   00000528  A$main$1668                        main
C:   00000528  C$main.c$429$1_1$43                main
C:   00000528  XG$main$0$0                        main
C:   00000529  A$main$1679                        main
C:   00000529  C$main.c$437$1_1$49                main
C:   00000529  G$timer0$0$0                       main
ASxxxx Linker V03.00 + NoICE + sdld,  page 37.
Hexadecimal  [32-Bits]

Area                                    Addr        Size        Decimal Bytes (Attributes)
--------------------------------        ----        ----        ------- ----- ------------
CSEG                                00000078    00000D3B =        3387. bytes (REL,CON,CODE)

      Value  Global                              Global Defined In Module
      -----  --------------------------------   ------------------------
C:   00000529  _timer0                            main
C:   0000052B  A$main$1680                        main
C:   0000052D  A$main$1681                        main
C:   0000052F  A$main$1682                        main
C:   00000531  A$main$1683                        main
C:   00000533  A$main$1684                        main
C:   00000535  A$main$1685                        main
C:   00000537  A$main$1686                        main
C:   00000539  A$main$1687                        main
C:   0000053B  A$main$1688                        main
C:   0000053D  A$main$1689                        main
C:   0000053F  A$main$1690                        main
C:   00000541  A$main$1691                        main
C:   00000543  A$main$1692                        main
C:   00000545  A$main$1693                        main
C:   00000548  A$main$1696                        main
C:   00000548  C$main.c$439$1_0$49                main
C:   0000054B  A$main$1699                        main
C:   0000054B  C$main.c$440$1_0$49                main
C:   0000054E  A$main$1702                        main
C:   0000054E  C$main.c$441$1_0$49                main
C:   00000550  A$main$1703                        main
C:   00000552  A$main$1704                        main
C:   00000553  A$main$1705                        main
C:   00000554  A$main$1706                        main
C:   00000556  A$main$1707                        main
C:   00000557  A$main$1708                        main
C:   00000559  A$main$1709                        main
C:   0000055B  A$main$1710                        main
C:   0000055C  A$main$1711                        main
C:   0000055D  A$main$1712                        main
C:   0000055F  A$main$1713                        main
C:   00000560  A$main$1714                        main
C:   00000562  A$main$1715                        main
C:   00000564  A$main$1716                        main
C:   00000567  A$main$1720                        main
C:   00000567  C$main.c$442$2_0$50                main
C:   00000569  A$main$1721                        main
C:   0000056C  A$main$1722                        main
C:   0000056E  A$main$1724                        main
C:   00000571  A$main$1728                        main
C:   00000571  C$main.c$443$3_0$51                main
C:   00000572  A$main$1729                        main
C:   00000574  A$main$1730                        main
C:   00000576  A$main$1733                        main
C:   00000576  C$main.c$444$3_0$51                main
C:   00000577  A$main$1734                        main
C:   00000579  A$main$1735                        main
C:   0000057B  A$main$1736                        main
C:   0000057D  A$main$1737                        main
C:   0000057F  A$main$1738                        main
ASxxxx Linker V03.00 + NoICE + sdld,  page 38.
Hexadecimal  [32-Bits]

Area                                    Addr        Size        Decimal Bytes (Attributes)
--------------------------------        ----        ----        ------- ----- ------------
CSEG                                00000078    00000D3B =        3387. bytes (REL,CON,CODE)

      Value  Global                              Global Defined In Module
      -----  --------------------------------   ------------------------
C:   00000581  A$main$1739                        main
C:   00000583  A$main$1742                        main
C:   00000583  C$main.c$445$3_0$51                main
C:   00000586  A$main$1743                        main
C:   00000589  A$main$1744                        main
C:   0000058C  A$main$1745                        main
C:   0000058F  A$main$1746                        main
C:   00000591  A$main$1747                        main
C:   00000594  A$main$1748                        main
C:   00000596  A$main$1749                        main
C:   00000598  A$main$1750                        main
C:   0000059A  A$main$1751                        main
C:   0000059C  A$main$1752                        main
C:   0000059E  A$main$1753                        main
C:   000005A1  A$main$1754                        main
C:   000005A3  A$main$1758                        main
C:   000005A3  C$main.c$447$3_0$51                main
C:   000005A5  A$main$1759                        main
C:   000005A7  A$main$1760                        main
C:   000005A9  A$main$1761                        main
C:   000005AB  A$main$1762                        main
C:   000005AD  A$main$1763                        main
C:   000005AF  A$main$1764                        main
C:   000005B2  A$main$1765                        main
C:   000005B5  A$main$1766                        main
C:   000005B7  A$main$1767                        main
C:   000005BA  A$main$1768                        main
C:   000005BC  A$main$1769                        main
C:   000005BD  A$main$1770                        main
C:   000005BF  A$main$1771                        main
C:   000005C1  A$main$1772                        main
C:   000005C2  A$main$1773                        main
C:   000005C4  A$main$1774                        main
C:   000005C5  A$main$1775                        main
C:   000005C6  A$main$1776                        main
C:   000005C8  A$main$1777                        main
C:   000005CA  A$main$1778                        main
C:   000005CB  A$main$1779                        main
C:   000005CD  A$main$1780                        main
C:   000005D0  A$main$1784                        main
C:   000005D0  C$main.c$448$3_0$51                main
C:   000005D1  A$main$1785                        main
C:   000005D3  A$main$1786                        main
C:   000005D5  A$main$1787                        main
C:   000005D7  A$main$1788                        main
C:   000005D9  A$main$1789                        main
C:   000005DB  A$main$1790                        main
C:   000005DD  A$main$1793                        main
C:   000005DD  C$main.c$449$3_0$51                main
C:   000005E0  A$main$1794                        main
C:   000005E3  A$main$1795                        main
ASxxxx Linker V03.00 + NoICE + sdld,  page 39.
Hexadecimal  [32-Bits]

Area                                    Addr        Size        Decimal Bytes (Attributes)
--------------------------------        ----        ----        ------- ----- ------------
CSEG                                00000078    00000D3B =        3387. bytes (REL,CON,CODE)

      Value  Global                              Global Defined In Module
      -----  --------------------------------   ------------------------
C:   000005E5  A$main$1799                        main
C:   000005E5  C$main.c$451$3_0$51                main
C:   000005E7  A$main$1800                        main
C:   000005E9  A$main$1801                        main
C:   000005EB  A$main$1802                        main
C:   000005EC  A$main$1803                        main
C:   000005EE  A$main$1804                        main
C:   000005EF  A$main$1805                        main
C:   000005F0  A$main$1806                        main
C:   000005F2  A$main$1807                        main
C:   000005F4  A$main$1811                        main
C:   000005F4  C$main.c$453$2_0$50                main
C:   000005F5  A$main$1812                        main
C:   000005F7  A$main$1813                        main
C:   000005F9  A$main$1814                        main
C:   000005FB  A$main$1818                        main
C:   000005FB  C$main.c$454$1_0$49                main
C:   000005FD  A$main$1819                        main
C:   00000600  A$main$1820                        main
C:   00000601  A$main$1821                        main
C:   00000604  A$main$1822                        main
C:   00000606  A$main$1824                        main
C:   00000608  A$main$1826                        main
C:   0000060A  A$main$1827                        main
C:   0000060D  A$main$1830                        main
C:   0000060D  C$main.c$455$1_0$49                main
C:   00000610  A$main$1831                        main
C:   00000613  A$main$1835                        main
C:   00000615  A$main$1836                        main
C:   00000617  A$main$1837                        main
C:   00000619  A$main$1838                        main
C:   0000061B  A$main$1839                        main
C:   0000061D  A$main$1840                        main
C:   0000061F  A$main$1841                        main
C:   00000621  A$main$1842                        main
C:   00000623  A$main$1843                        main
C:   00000625  A$main$1844                        main
C:   00000627  A$main$1845                        main
C:   00000629  A$main$1846                        main
C:   0000062B  A$main$1847                        main
C:   0000062D  A$main$1848                        main
C:   0000062F  A$main$1851                        main
C:   0000062F  C$main.c$456$1_0$49                main
C:   0000062F  XG$timer0$0$0                      main
C:   00000630  Fmain$__str_1$0_0$0                main
C:   00000630  Fmain$__str_2$0_0$0                main
C:   00000630  Fmain$__str_3$0_0$0                main
C:   00000630  __mulint                           _mulint
C:   00000630  __mulint_dummy                     _mulint
C:   0000065C  _vprintf                           vprintf
C:   00000675  _printf                            vprintf
ASxxxx Linker V03.00 + NoICE + sdld,  page 40.
Hexadecimal  [32-Bits]

Area                                    Addr        Size        Decimal Bytes (Attributes)
--------------------------------        ----        ----        ------- ----- ------------
CSEG                                00000078    00000D3B =        3387. bytes (REL,CON,CODE)

      Value  Global                              Global Defined In Module
      -----  --------------------------------   ------------------------
C:   00000736  __print_format                     printf_large
C:   00000D7B  _strlen                            _strlen
C:   00000D93  __gptrget                          _gptrget
C:   00000DAF  __sdcc_external_startup            _startup
ASxxxx Linker V03.00 + NoICE + sdld,  page 41.
Hexadecimal  [32-Bits]

Area                                    Addr        Size        Decimal Bytes (Attributes)
--------------------------------        ----        ----        ------- ----- ------------
CONST                               00000DB3    0000003D =          61. bytes (REL,CON,CODE)

      Value  Global                              Global Defined In Module
      -----  --------------------------------   ------------------------
C:   00000DB3  Fmain$__str_0$0_0$0                main

ASxxxx Linker V03.00 + NoICE + sdld,  page 42.

Files Linked                              [ module(s) ]

main.rel                                  [  ]


Libraries Linked                          [ object file ]

C:\Program Files\SDCC\bin\..\lib\small/mcs51.lib
                                          [ crtclear.rel ]
C:\Program Files\SDCC\bin\..\lib\small/mcs51.lib
                                          [ crtxinit.rel ]
C:\Program Files\SDCC\bin\..\lib\small/libint.lib
                                          [ _mulint.rel ]
C:\Program Files\SDCC\bin\..\lib\small/mcs51.lib
                                          [ crtxclear.rel ]
C:\Program Files\SDCC\bin\..\lib\small/libsdcc.lib
                                          [ vprintf.rel ]
C:\Program Files\SDCC\bin\..\lib\small/libsdcc.lib
                                          [ printf_large.rel ]
C:\Program Files\SDCC\bin\..\lib\small/mcs51.lib
                                          [ crtpagesfr.rel ]
C:\Program Files\SDCC\bin\..\lib\small/libsdcc.lib
                                          [ _strlen.rel ]
C:\Program Files\SDCC\bin\..\lib\small/mcs51.lib
                                          [ crtstart.rel ]
C:\Program Files\SDCC\bin\..\lib\small/libsdcc.lib
                                          [ _gptrget.rel ]
C:\Program Files\SDCC\bin\..\lib\small/libsdcc.lib
                                          [ _startup.rel ]
C:\Program Files\SDCC\bin\..\lib\small/libsdcc.lib
                                          [ _bp.rel ]

ASxxxx Linker V03.00 + NoICE + sdld,  page 43.

User Base Address Definitions

HOME = 0x0000
XSEG = 0x0001
PSEG = 0x0001
ISEG = 0x0000
BSEG = 0x0000

